// Jest Snapshot v1, https://goo.gl/fbAQLP

exports[`Editor renders without crashing 1`] = `
<div
  className="bblfsh-editor__container"
>
  <Controlled
    autoFocus={true}
    onBeforeChange={[Function]}
    onCursor={[Function]}
    options={
      Object {
        "lineNumbers": true,
        "mode": "python",
        "theme": "solarized light",
      }
    }
    value="foo = 1"
  />
  <div
    className="bblfsh-editor__bookmark"
  />
</div>
`;
